Restore Archived Project report for hw4
Sun Feb 09 03:29:51 2020
Quartus II 64-Bit Version 13.1.0 Build 162 10/23/2013 SJ Web Edition


---------------------
; Table of Contents ;
---------------------
  1. Legal Notice
  2. Restore Archived Project Summary
  3. Restore Archived Project Messages
  4. Files Restored
  5. Files Not Restored



----------------
; Legal Notice ;
----------------
Copyright (C) 1991-2013 Altera Corporation
Your use of Altera Corporation's design tools, logic functions 
and other software and tools, and its AMPP partner logic 
functions, and any output files from any of the foregoing 
(including device programming or simulation files), and any 
associated documentation or information are expressly subject 
to the terms and conditions of the Altera Program License 
Subscription Agreement, Altera MegaCore Function License 
Agreement, or other applicable license agreement, including, 
without limitation, that your use is for the sole purpose of 
programming logic devices manufactured by Altera and sold by 
Altera or its authorized distributors.  Please refer to the 
applicable agreement for further details.



+-------------------------------------------------------------------------+
; Restore Archived Project Summary                                        ;
+---------------------------------+---------------------------------------+
; Restore Archived Project Status ; Successful - Sun Feb 09 03:29:51 2020 ;
; Revision Name                   ; hw4                                   ;
; Top-level Entity Name           ; mips32                                ;
; Family                          ; Cyclone III                           ;
+---------------------------------+---------------------------------------+


+-----------------------------------+
; Restore Archived Project Messages ;
+-----------------------------------+
Warning (13177): Your design targets the device family "Cyclone III". The specified family is not a valid device family, is not installed, or is not supported in this version of the Quartus II software. If you restored a project from an archived version, your project was successfully restored, but you still must specify or install a supported device family.
Info (13198): Your project was successfully restored, but the device information in the Flow Summary report cannot be updated until the design targets a supported device family.
Info: Successfully restored 'C:/Users/syozl/Documents/MIPS-32-bit-processor/hw4.qar' into the 'C:/Users/syozl/Documents/MIPS-32-bit-processor/hw4_restored/' directory
Info: Generated report 'hw4.restore.rpt'
Info (23030): Evaluation of Tcl script c:/altera/13.1/quartus/common/tcl/apps/qpm/qar.tcl was successful
Info: Quartus II 64-Bit Shell was successful. 0 errors, 33 warnings
    Info: Peak virtual memory: 4414 megabytes
    Info: Processing ended: Sun Feb 09 03:29:51 2020
    Info: Elapsed time: 00:00:05
    Info: Total CPU time (on all processors): 00:00:01


+----------------+
; Files Restored ;
+----------------+
; File Name      ;
+----------------+


+------------------------------------------------+
; Files Not Restored                             ;
+------------------------------------------------+
; File Name                                      ;
+------------------------------------------------+
; assignment_defaults.qdf                        ;
; db/hw4.db_info                                 ;
; hw4.qpf                                        ;
; hw4.qsf                                        ;
; hw4/adder_13.v                                 ;
; hw4/adder_32.v                                 ;
; hw4/alu_1.v                                    ;
; hw4/alu_32.v                                   ;
; hw4/alu_32_testbench.v                         ;
; hw4/alu_testbench.v                            ;
; hw4/concat.v                                   ;
; hw4/control_unit.v                             ;
; hw4/extend.v                                   ;
; hw4/full_adder.v                               ;
; hw4/instruction_memory.v                       ;
; hw4/mips32.v                                   ;
; hw4/mips_memory.v                              ;
; hw4/mips_registers.v                           ;
; hw4/msb_alu_1.v                                ;
; hw4/mux_2x1.v                                  ;
; hw4/mux_2x1_13.v                               ;
; hw4/mux_2x1_32.v                               ;
; hw4/mux_2x1_5bit.v                             ;
; hw4/mux_4x1.v                                  ;
; hw4/mux_4x1_32.v                               ;
; hw4/mux_8x1.v                                  ;
; hw4/mux_testbench.v                            ;
; hw4/pc.v                                       ;
; hw4/shifter.v                                  ;
; hw4/xor_2.v                                    ;
; incremental_db/compiled_partitions/hw4.db_info ;
+------------------------------------------------+


